Archive member included because of file (symbol)

/usr/lib64/libc_nonshared.a(elf-init.oS)
                              /usr/lib64/gcc/x86_64-suse-linux/4.8/../../../../lib64/crt1.o (__libc_csu_init)

Discarded input sections

 .note.GNU-stack
                0x0000000000000000        0x0 /usr/lib64/gcc/x86_64-suse-linux/4.8/../../../../lib64/crt1.o
 .note.GNU-stack
                0x0000000000000000        0x0 /usr/lib64/gcc/x86_64-suse-linux/4.8/../../../../lib64/crti.o
 .note.GNU-stack
                0x0000000000000000        0x0 /usr/lib64/gcc/x86_64-suse-linux/4.8/crtbegin.o
 .note.GNU-stack
                0x0000000000000000        0x0 ./src/server.o
 .note.GNU-stack
                0x0000000000000000        0x0 ./src/protocol.o
 .group         0x0000000000000000        0xc ./src/client.o
 .group         0x0000000000000000        0xc ./src/client.o
 .note.GNU-stack
                0x0000000000000000        0x0 ./src/client.o
 .group         0x0000000000000000        0x8 ./src/process.o
 .group         0x0000000000000000        0x8 ./src/process.o
 .group         0x0000000000000000        0x8 ./src/process.o
 .group         0x0000000000000000        0x8 ./src/process.o
 .group         0x0000000000000000        0x8 ./src/process.o
 .group         0x0000000000000000        0x8 ./src/process.o
 .note.GNU-stack
                0x0000000000000000        0x0 ./src/process.o
 .note.GNU-stack
                0x0000000000000000        0x0 ./src/room.o
 .group         0x0000000000000000        0x8 ./src/hall.o
 .note.GNU-stack
                0x0000000000000000        0x0 ./src/hall.o
 .note.GNU-stack
                0x0000000000000000        0x0 /usr/lib64/libc_nonshared.a(elf-init.oS)
 .note.GNU-stack
                0x0000000000000000        0x0 /usr/lib64/gcc/x86_64-suse-linux/4.8/crtend.o
 .note.GNU-stack
                0x0000000000000000        0x0 /usr/lib64/gcc/x86_64-suse-linux/4.8/../../../../lib64/crtn.o

内存配置

名称           来源             长度             属性
*default*        0x0000000000000000 0xffffffffffffffff

Linker script and memory map

LOAD /usr/lib64/gcc/x86_64-suse-linux/4.8/../../../../lib64/crt1.o
LOAD /usr/lib64/gcc/x86_64-suse-linux/4.8/../../../../lib64/crti.o
LOAD /usr/lib64/gcc/x86_64-suse-linux/4.8/crtbegin.o
LOAD ./src/server.o
LOAD ./src/protocol.o
LOAD ./src/client.o
LOAD ./src/process.o
LOAD ./src/room.o
LOAD ./src/hall.o
LOAD /usr/lib64/libpthread.so
START GROUP
LOAD /lib64/libpthread.so.0
LOAD /usr/lib64/libpthread_nonshared.a
END GROUP
LOAD /usr/lib64/libmysqlclient.so
LOAD /usr/lib64/libpthread.so
START GROUP
LOAD /lib64/libpthread.so.0
LOAD /usr/lib64/libpthread_nonshared.a
END GROUP
LOAD /usr/lib64/libz.so
LOAD /usr/lib64/libssl.so
LOAD /usr/lib64/libcrypto.so
LOAD /usr/lib64/libdl.so
LOAD /usr/lib64/gcc/x86_64-suse-linux/4.8/libstdc++.so
LOAD /usr/lib64/libm.so
LOAD /usr/lib64/gcc/x86_64-suse-linux/4.8/libgcc_s.so
LOAD /usr/lib64/gcc/x86_64-suse-linux/4.8/libgcc.a
LOAD /usr/lib64/libc.so
START GROUP
LOAD /lib64/libc.so.6
LOAD /usr/lib64/libc_nonshared.a
LOAD /lib64/ld-linux-x86-64.so.2
END GROUP
LOAD /usr/lib64/gcc/x86_64-suse-linux/4.8/libgcc_s.so
LOAD /usr/lib64/gcc/x86_64-suse-linux/4.8/libgcc.a
LOAD /usr/lib64/gcc/x86_64-suse-linux/4.8/crtend.o
LOAD /usr/lib64/gcc/x86_64-suse-linux/4.8/../../../../lib64/crtn.o
                0x0000000000400000                PROVIDE (__executable_start, 0x400000)
                0x0000000000400238                . = (0x400000 + SIZEOF_HEADERS)

.interp         0x0000000000400238       0x1c
 *(.interp)
 .interp        0x0000000000400238       0x1c /usr/lib64/gcc/x86_64-suse-linux/4.8/../../../../lib64/crt1.o

.note.ABI-tag   0x0000000000400254       0x20
 .note.ABI-tag  0x0000000000400254       0x20 /usr/lib64/gcc/x86_64-suse-linux/4.8/../../../../lib64/crt1.o

.note.gnu.build-id
                0x0000000000400274       0x24
 *(.note.gnu.build-id)
 .note.gnu.build-id
                0x0000000000400274       0x24 /usr/lib64/gcc/x86_64-suse-linux/4.8/../../../../lib64/crt1.o

.hash           0x0000000000400298      0x240
 *(.hash)
 .hash          0x0000000000400298      0x240 /usr/lib64/gcc/x86_64-suse-linux/4.8/../../../../lib64/crt1.o

.gnu.hash       0x00000000004004d8       0x4c
 *(.gnu.hash)
 .gnu.hash      0x00000000004004d8       0x4c /usr/lib64/gcc/x86_64-suse-linux/4.8/../../../../lib64/crt1.o

.dynsym         0x0000000000400528      0x708
 *(.dynsym)
 .dynsym        0x0000000000400528      0x708 /usr/lib64/gcc/x86_64-suse-linux/4.8/../../../../lib64/crt1.o

.dynstr         0x0000000000400c30      0x4b7
 *(.dynstr)
 .dynstr        0x0000000000400c30      0x4b7 /usr/lib64/gcc/x86_64-suse-linux/4.8/../../../../lib64/crt1.o

.gnu.version    0x00000000004010e8       0x96
 *(.gnu.version)
 .gnu.version   0x00000000004010e8       0x96 /usr/lib64/gcc/x86_64-suse-linux/4.8/../../../../lib64/crt1.o

.gnu.version_d  0x0000000000401180        0x0
 *(.gnu.version_d)
 .gnu.version_d
                0x0000000000000000        0x0 /usr/lib64/gcc/x86_64-suse-linux/4.8/../../../../lib64/crt1.o

.gnu.version_r  0x0000000000401180       0xc0
 *(.gnu.version_r)
 .gnu.version_r
                0x0000000000401180       0xc0 /usr/lib64/gcc/x86_64-suse-linux/4.8/../../../../lib64/crt1.o

.rela.dyn       0x0000000000401240       0x18
 *(.rela.init)
 *(.rela.text .rela.text.* .rela.gnu.linkonce.t.*)
 .rela.text     0x0000000000000000        0x0 /usr/lib64/gcc/x86_64-suse-linux/4.8/../../../../lib64/crt1.o
 .rela.text._ZN6cFrameC2Ev
                0x0000000000000000        0x0 /usr/lib64/gcc/x86_64-suse-linux/4.8/../../../../lib64/crt1.o
 .rela.text._ZN6cFrameD2Ev
                0x0000000000000000        0x0 /usr/lib64/gcc/x86_64-suse-linux/4.8/../../../../lib64/crt1.o
 .rela.text._ZNSt11char_traitsIcE7compareEPKcS2_m
                0x0000000000000000        0x0 /usr/lib64/gcc/x86_64-suse-linux/4.8/../../../../lib64/crt1.o
 .rela.text._ZStplIcSt11char_traitsIcESaIcEESbIT_T0_T1_EPKS3_RKS6_
                0x0000000000000000        0x0 /usr/lib64/gcc/x86_64-suse-linux/4.8/../../../../lib64/crt1.o
 .rela.text._ZStplIcSt11char_traitsIcESaIcEESbIT_T0_T1_ERKS6_PKS3_
                0x0000000000000000        0x0 /usr/lib64/gcc/x86_64-suse-linux/4.8/../../../../lib64/crt1.o
 .rela.text._ZSteqIcEN9__gnu_cxx11__enable_ifIXsrSt9__is_charIT_E7__valueEbE6__typeERKSbIS3_St11char_traitsIS3_ESaIS3_EESC_
                0x0000000000000000        0x0 /usr/lib64/gcc/x86_64-suse-linux/4.8/../../../../lib64/crt1.o
 .rela.text._ZStplIcSt11char_traitsIcESaIcEESbIT_T0_T1_ERKS6_S8_
                0x0000000000000000        0x0 /usr/lib64/gcc/x86_64-suse-linux/4.8/../../../../lib64/crt1.o
 *(.rela.fini)
 *(.rela.rodata .rela.rodata.* .rela.gnu.linkonce.r.*)
 .rela.rodata   0x0000000000000000        0x0 /usr/lib64/gcc/x86_64-suse-linux/4.8/../../../../lib64/crt1.o
 *(.rela.data .rela.data.* .rela.gnu.linkonce.d.*)
 *(.rela.tdata .rela.tdata.* .rela.gnu.linkonce.td.*)
 *(.rela.tbss .rela.tbss.* .rela.gnu.linkonce.tb.*)
 *(.rela.ctors)
 *(.rela.dtors)
 *(.rela.got)
 .rela.got      0x0000000000401240       0x18 /usr/lib64/gcc/x86_64-suse-linux/4.8/../../../../lib64/crt1.o
 *(.rela.bss .rela.bss.* .rela.gnu.linkonce.b.*)
 .rela.bss      0x0000000000000000        0x0 /usr/lib64/gcc/x86_64-suse-linux/4.8/../../../../lib64/crt1.o
 *(.rela.ldata .rela.ldata.* .rela.gnu.linkonce.l.*)
 *(.rela.lbss .rela.lbss.* .rela.gnu.linkonce.lb.*)
 *(.rela.lrodata .rela.lrodata.* .rela.gnu.linkonce.lr.*)
 *(.rela.ifunc)
 .rela.eh_frame
                0x0000000000000000        0x0 /usr/lib64/gcc/x86_64-suse-linux/4.8/../../../../lib64/crt1.o

.rela.plt       0x0000000000401258      0x600
 *(.rela.plt)
 .rela.plt      0x0000000000401258      0x600 /usr/lib64/gcc/x86_64-suse-linux/4.8/../../../../lib64/crt1.o
                0x0000000000401858                PROVIDE (__rela_iplt_start, .)
 *(.rela.iplt)
 .rela.iplt     0x0000000000000000        0x0 /usr/lib64/gcc/x86_64-suse-linux/4.8/../../../../lib64/crt1.o
                0x0000000000401858                PROVIDE (__rela_iplt_end, .)

.init           0x0000000000401858       0x1a
 *(SORT(.init))
 .init          0x0000000000401858       0x15 /usr/lib64/gcc/x86_64-suse-linux/4.8/../../../../lib64/crti.o
                0x0000000000401858                _init
 .init          0x000000000040186d        0x5 /usr/lib64/gcc/x86_64-suse-linux/4.8/../../../../lib64/crtn.o

.plt            0x0000000000401880      0x410
 *(.plt)
 .plt           0x0000000000401880      0x410 /usr/lib64/gcc/x86_64-suse-linux/4.8/../../../../lib64/crt1.o
                0x0000000000401890                operator new[](unsigned long)@@GLIBCXX_3.4
                0x00000000004018a0                __errno_location@@GLIBC_2.2.5
                0x00000000004018b0                printf@@GLIBC_2.2.5
                0x00000000004018c0                htons@@GLIBC_2.2.5
                0x00000000004018d0                bind@@GLIBC_2.2.5
                0x00000000004018e0                mysql_real_connect@@libmysqlclient_18
                0x00000000004018f0                std::string::append(char const*, unsigned long)@@GLIBCXX_3.4
                0x0000000000401900                socket@@GLIBC_2.2.5
                0x0000000000401910                accept@@GLIBC_2.2.5
                0x0000000000401920                recv@@GLIBC_2.2.5
                0x0000000000401930                strerror@@GLIBC_2.2.5
                0x0000000000401940                write@@GLIBC_2.2.5
                0x0000000000401950                inet_ntoa@@GLIBC_2.2.5
                0x0000000000401960                memcmp@@GLIBC_2.2.5
                0x0000000000401970                std::basic_string<char, std::char_traits<char>, std::allocator<char> >::basic_string(char const*, unsigned long, std::allocator<char> const&)@@GLIBCXX_3.4
                0x0000000000401980                memset@@GLIBC_2.2.5
                0x0000000000401990                std::basic_string<char, std::char_traits<char>, std::allocator<char> >::basic_string(std::string const&)@@GLIBCXX_3.4
                0x00000000004019a0                pthread_create@@GLIBC_2.2.5
                0x00000000004019b0                fcntl@@GLIBC_2.2.5
                0x00000000004019c0                sleep@@GLIBC_2.2.5
                0x00000000004019d0                htonl@@GLIBC_2.2.5
                0x00000000004019e0                std::string::reserve(unsigned long)@@GLIBCXX_3.4
                0x00000000004019f0                memcpy@@GLIBC_2.14
                0x0000000000401a00                std::string::operator=(std::string const&)@@GLIBCXX_3.4
                0x0000000000401a10                __cxa_atexit@@GLIBC_2.2.5
                0x0000000000401a20                pthread_self@@GLIBC_2.2.5
                0x0000000000401a30                mysql_store_result@@libmysqlclient_18
                0x0000000000401a40                std::basic_string<char, std::char_traits<char>, std::allocator<char> >::basic_string()@@GLIBCXX_3.4
                0x0000000000401a50                operator delete(void*)@@GLIBCXX_3.4
                0x0000000000401a60                mysql_num_rows@@libmysqlclient_18
                0x0000000000401a70                operator new(unsigned long)@@GLIBCXX_3.4
                0x0000000000401a80                pthread_detach@@GLIBC_2.2.5
                0x0000000000401a90                std::allocator<char>::~allocator()@@GLIBCXX_3.4
                0x0000000000401aa0                std::string::append(std::string const&)@@GLIBCXX_3.4
                0x0000000000401ab0                listen@@GLIBC_2.2.5
                0x0000000000401ac0                std::basic_string<char, std::char_traits<char>, std::allocator<char> >::basic_string(char const*, std::allocator<char> const&)@@GLIBCXX_3.4
                0x0000000000401ad0                std::string::data() const@@GLIBCXX_3.4
                0x0000000000401ae0                signal@@GLIBC_2.2.5
                0x0000000000401af0                exit@@GLIBC_2.2.5
                0x0000000000401b00                mysql_next_result@@libmysqlclient_18
                0x0000000000401b10                malloc@@GLIBC_2.2.5
                0x0000000000401b20                mysql_real_query@@libmysqlclient_18
                0x0000000000401b30                std::string::c_str() const@@GLIBCXX_3.4
                0x0000000000401b40                mysql_error@@libmysqlclient_18
                0x0000000000401b50                mysql_fetch_lengths@@libmysqlclient_18
                0x0000000000401b60                std::ios_base::Init::Init()@@GLIBCXX_3.4
                0x0000000000401b70                puts@@GLIBC_2.2.5
                0x0000000000401b80                atoi@@GLIBC_2.2.5
                0x0000000000401b90                std::basic_string<char, std::char_traits<char>, std::allocator<char> >::~basic_string()@@GLIBCXX_3.4
                0x0000000000401ba0                std::string::size() const@@GLIBCXX_3.4
                0x0000000000401bb0                realloc@@GLIBC_2.2.5
                0x0000000000401bc0                __gxx_personality_v0@@CXXABI_1.3
                0x0000000000401bd0                __pthread_key_create@@GLIBC_2.2.5
                0x0000000000401be0                _Unwind_Resume@@GCC_3.0
                0x0000000000401bf0                std::allocator<char>::allocator()@@GLIBCXX_3.4
                0x0000000000401c00                std::string::append(char const*)@@GLIBCXX_3.4
                0x0000000000401c10                mysql_init@@libmysqlclient_18
                0x0000000000401c20                __libc_start_main@@GLIBC_2.2.5
                0x0000000000401c40                mysql_fetch_row@@libmysqlclient_18
                0x0000000000401c50                std::string::length() const@@GLIBCXX_3.4
                0x0000000000401c60                close@@GLIBC_2.2.5
                0x0000000000401c70                std::ios_base::Init::~Init()@@GLIBCXX_3.4
                0x0000000000401c80                mysql_free_result@@libmysqlclient_18
 *(.iplt)
 .iplt          0x0000000000000000        0x0 /usr/lib64/gcc/x86_64-suse-linux/4.8/../../../../lib64/crt1.o

.text           0x0000000000401c90     0x1f92
 *(.text.unlikely .text.*_unlikely .text.unlikely.*)
 *(.text.exit .text.exit.*)
 *(.text.startup .text.startup.*)
 *(.text.hot .text.hot.*)
 *(.text .stub .text.* .gnu.linkonce.t.*)
 .text          0x0000000000401c90       0x2a /usr/lib64/gcc/x86_64-suse-linux/4.8/../../../../lib64/crt1.o
                0x0000000000401c90                _start
 .text          0x0000000000401cba        0x0 /usr/lib64/gcc/x86_64-suse-linux/4.8/../../../../lib64/crti.o
 *fill*         0x0000000000401cba        0x6 
 .text          0x0000000000401cc0       0xbd /usr/lib64/gcc/x86_64-suse-linux/4.8/crtbegin.o
 .text          0x0000000000401d7d      0x2ee ./src/server.o
                0x0000000000401d92                main
 *fill*         0x000000000040206b        0x1 
 .text          0x000000000040206c      0x334 ./src/protocol.o
                0x000000000040206c                Protocol::sendFrameReal()
                0x000000000040209a                Protocol::Protocol(int)
                0x000000000040209a                Protocol::Protocol(int)
                0x000000000040219c                Protocol::receiveFrame()
                0x0000000000402208                Protocol::sendFrame(unsigned char const*, char const*, char const*, char const*, char const*)
                0x0000000000402354                Protocol::available()
                0x000000000040235e                Protocol::isFrameValid(Frame&)
 .text          0x00000000004023a0      0x402 ./src/client.o
                0x00000000004023a0                Client::Client(int, sockaddr_in&, unsigned int&)
                0x00000000004023a0                Client::Client(int, sockaddr_in&, unsigned int&)
                0x0000000000402424                Client::~Client()
                0x0000000000402424                Client::~Client()
                0x000000000040247a                Client::updateFrame()
                0x00000000004024f0                Client::parseFrame()
                0x0000000000402756                Client::sendFrame(unsigned char const*, char const*, char const*, char const*, char const*)
 .text._ZN6cFrameC2Ev
                0x00000000004027a2       0x96 ./src/client.o
                0x00000000004027a2                cFrame::cFrame()
                0x00000000004027a2                cFrame::cFrame()
 .text._ZN6cFrameD2Ev
                0x0000000000402838       0x96 ./src/client.o
                0x0000000000402838                cFrame::~cFrame()
                0x0000000000402838                cFrame::~cFrame()
 .text          0x00000000004028ce      0xcf1 ./src/process.o
                0x0000000000402fa0                ClientProcess(void*)
 .text._ZNSt11char_traitsIcE7compareEPKcS2_m
                0x00000000004035bf       0x2d ./src/process.o
                0x00000000004035bf                std::char_traits<char>::compare(char const*, char const*, unsigned long)
 .text._ZNSt11char_traitsIcE6lengthEPKc
                0x00000000004035ec       0x2c ./src/process.o
                0x00000000004035ec                std::char_traits<char>::length(char const*)
 .text._ZStplIcSt11char_traitsIcESaIcEESbIT_T0_T1_EPKS3_RKS6_
                0x0000000000403618       0xa4 ./src/process.o
                0x0000000000403618                std::basic_string<char, std::char_traits<char>, std::allocator<char> > std::operator+<char, std::char_traits<char>, std::allocator<char> >(char const*, std::basic_string<char, std::char_traits<char>, std::allocator<char> > const&)
 .text._ZStplIcSt11char_traitsIcESaIcEESbIT_T0_T1_ERKS6_PKS3_
                0x00000000004036bc       0x62 ./src/process.o
                0x00000000004036bc                std::basic_string<char, std::char_traits<char>, std::allocator<char> > std::operator+<char, std::char_traits<char>, std::allocator<char> >(std::basic_string<char, std::char_traits<char>, std::allocator<char> > const&, char const*)
 .text._ZSteqIcEN9__gnu_cxx11__enable_ifIXsrSt9__is_charIT_E7__valueEbE6__typeERKSbIS3_St11char_traitsIS3_ESaIS3_EESC_
                0x000000000040371e       0x84 ./src/process.o
                0x000000000040371e                __gnu_cxx::__enable_if<std::__is_char<char>::__value, bool>::__type std::operator==<char>(std::basic_string<char, std::char_traits<char>, std::allocator<char> > const&, std::basic_string<char, std::char_traits<char>, std::allocator<char> > const&)
 .text._ZStplIcSt11char_traitsIcESaIcEESbIT_T0_T1_ERKS6_S8_
                0x00000000004037a2       0x62 ./src/process.o
                0x00000000004037a2                std::basic_string<char, std::char_traits<char>, std::allocator<char> > std::operator+<char, std::char_traits<char>, std::allocator<char> >(std::basic_string<char, std::char_traits<char>, std::allocator<char> > const&, std::basic_string<char, std::char_traits<char>, std::allocator<char> > const&)
 .text          0x0000000000403804      0x127 ./src/room.o
                0x0000000000403804                Room::Room()
                0x0000000000403804                Room::Room()
                0x0000000000403838                Room::~Room()
                0x0000000000403838                Room::~Room()
                0x000000000040389e                Room::addClient(Client&)
                0x00000000004038fc                Room::isFull()
 *fill*         0x000000000040392b        0x1 
 .text          0x000000000040392c      0x266 ./src/hall.o
                0x000000000040392c                Hall::Hall()
                0x000000000040392c                Hall::Hall()
                0x0000000000403964                Hall::~Hall()
                0x0000000000403964                Hall::~Hall()
                0x00000000004039ce                Hall::createNewRoom(unsigned int)
                0x0000000000403a56                Hall::joinRoom(unsigned int, Client&)
                0x0000000000403af4                Hall::GetHallInfo()
 .text._ZN4Room15GetNumOfClientsEv
                0x0000000000403b92       0x12 ./src/hall.o
                0x0000000000403b92                Room::GetNumOfClients()
 *fill*         0x0000000000403ba4        0xc 
 .text          0x0000000000403bb0       0x72 /usr/lib64/libc_nonshared.a(elf-init.oS)
                0x0000000000403bb0                __libc_csu_init
                0x0000000000403c20                __libc_csu_fini
 .text          0x0000000000403c22        0x0 /usr/lib64/gcc/x86_64-suse-linux/4.8/crtend.o
 .text          0x0000000000403c22        0x0 /usr/lib64/gcc/x86_64-suse-linux/4.8/../../../../lib64/crtn.o
 *(.gnu.warning)

.fini           0x0000000000403c24        0x9
 *(SORT(.fini))
 .fini          0x0000000000403c24        0x4 /usr/lib64/gcc/x86_64-suse-linux/4.8/../../../../lib64/crti.o
                0x0000000000403c24                _fini
 .fini          0x0000000000403c28        0x5 /usr/lib64/gcc/x86_64-suse-linux/4.8/../../../../lib64/crtn.o
                0x0000000000403c2d                PROVIDE (__etext, .)
                0x0000000000403c2d                PROVIDE (_etext, .)
                0x0000000000403c2d                PROVIDE (etext, .)

.rodata         0x0000000000403c30      0x2b0
 *(.rodata .rodata.* .gnu.linkonce.r.*)
 .rodata.cst4   0x0000000000403c30        0x4 /usr/lib64/gcc/x86_64-suse-linux/4.8/../../../../lib64/crt1.o
                0x0000000000403c30                _IO_stdin_used
 *fill*         0x0000000000403c34        0x4 
 .rodata        0x0000000000403c38       0xee ./src/server.o
 *fill*         0x0000000000403d26        0x2 
 .rodata        0x0000000000403d28        0x8 ./src/client.o
 .rodata        0x0000000000403d30      0x1b0 ./src/process.o

.rodata1
 *(.rodata1)

.eh_frame_hdr   0x0000000000403ee0      0x15c
 *(.eh_frame_hdr)
 .eh_frame_hdr  0x0000000000403ee0      0x15c /usr/lib64/gcc/x86_64-suse-linux/4.8/../../../../lib64/crt1.o

.eh_frame       0x0000000000404040      0x62c
 *(.eh_frame)
 .eh_frame      0x0000000000404040       0x30 /usr/lib64/gcc/x86_64-suse-linux/4.8/../../../../lib64/crt1.o
 .eh_frame      0x0000000000404070       0x40 /usr/lib64/gcc/x86_64-suse-linux/4.8/../../../../lib64/crt1.o
 .eh_frame      0x00000000004040b0       0x80 ./src/server.o
                                         0x90 (size before relaxing)
 .eh_frame      0x0000000000404130       0xc8 ./src/protocol.o
                                         0xe0 (size before relaxing)
 .eh_frame      0x00000000004041f8      0x120 ./src/client.o
                                        0x138 (size before relaxing)
 .eh_frame      0x0000000000404318      0x198 ./src/process.o
                                        0x1d0 (size before relaxing)
 .eh_frame      0x00000000004044b0       0x88 ./src/room.o
                                         0xa0 (size before relaxing)
 .eh_frame      0x0000000000404538       0xd0 ./src/hall.o
                                        0x108 (size before relaxing)
 .eh_frame      0x0000000000404608       0x60 /usr/lib64/libc_nonshared.a(elf-init.oS)
                                         0x78 (size before relaxing)
 .eh_frame      0x0000000000404668        0x4 /usr/lib64/gcc/x86_64-suse-linux/4.8/crtend.o

.gcc_except_table
                0x000000000040466c      0x1ee
 *(.gcc_except_table .gcc_except_table.*)
 .gcc_except_table._ZN6cFrameC2Ev
                0x000000000040466c       0x19 ./src/client.o
 .gcc_except_table._ZN6cFrameD2Ev
                0x0000000000404685       0x19 ./src/client.o
 .gcc_except_table
                0x000000000040469e       0x6d ./src/client.o
 .gcc_except_table
                0x000000000040470b      0x13f ./src/process.o
 .gcc_except_table
                0x000000000040484a       0x10 ./src/hall.o

.exception_ranges
 *(.exception_ranges .exception_ranges*)
                0x000000000040485a                . = (ALIGN (0x200000) - ((0x200000 - .) & 0x1fffff))
                0x0000000000604d5a                . = DATA_SEGMENT_ALIGN (0x200000, 0x1000)

.eh_frame
 *(.eh_frame)

.gcc_except_table
 *(.gcc_except_table .gcc_except_table.*)

.exception_ranges
 *(.exception_ranges .exception_ranges*)

.tdata
 *(.tdata .tdata.* .gnu.linkonce.td.*)

.tbss
 *(.tbss .tbss.* .gnu.linkonce.tb.*)
 *(.tcommon)

.preinit_array  0x0000000000604d5a        0x0
                0x0000000000604d5a                PROVIDE (__preinit_array_start, .)
 *(.preinit_array)
                0x0000000000604d5a                PROVIDE (__preinit_array_end, .)

.init_array     0x0000000000604d60       0x18
                0x0000000000604d60                PROVIDE (__init_array_start, .)
 *(SORT(.init_array.*) SORT(.ctors.*))
 *(.init_array EXCLUDE_FILE(*crtend?.o *crtend.o *crtbegin?.o *crtbegin.o) .ctors)
 .init_array    0x0000000000604d60        0x8 /usr/lib64/gcc/x86_64-suse-linux/4.8/crtbegin.o
 .init_array    0x0000000000604d68        0x8 ./src/server.o
 .init_array    0x0000000000604d70        0x8 ./src/process.o
                0x0000000000604d78                PROVIDE (__init_array_end, .)

.fini_array     0x0000000000604d78        0x8
                0x0000000000604d78                PROVIDE (__fini_array_start, .)
 *(SORT(.fini_array.*) SORT(.dtors.*))
 *(.fini_array EXCLUDE_FILE(*crtend?.o *crtend.o *crtbegin?.o *crtbegin.o) .dtors)
 .fini_array    0x0000000000604d78        0x8 /usr/lib64/gcc/x86_64-suse-linux/4.8/crtbegin.o
                0x0000000000604d80                PROVIDE (__fini_array_end, .)

.ctors
 *crtbegin.o(.ctors)
 *crtbegin?.o(.ctors)
 *(EXCLUDE_FILE(*crtend?.o *crtend.o) .ctors)
 *(SORT(.ctors.*))
 *(.ctors)

.dtors
 *crtbegin.o(.dtors)
 *crtbegin?.o(.dtors)
 *(EXCLUDE_FILE(*crtend?.o *crtend.o) .dtors)
 *(SORT(.dtors.*))
 *(.dtors)

.jcr            0x0000000000604d80        0x8
 *(.jcr)
 .jcr           0x0000000000604d80        0x0 /usr/lib64/gcc/x86_64-suse-linux/4.8/crtbegin.o
 .jcr           0x0000000000604d80        0x8 /usr/lib64/gcc/x86_64-suse-linux/4.8/crtend.o

.data.rel.ro
 *(.data.rel.ro.local* .gnu.linkonce.d.rel.ro.local.*)
 *(.data.rel.ro .data.rel.ro.* .gnu.linkonce.d.rel.ro.*)

.dynamic        0x0000000000604d88      0x270
 *(.dynamic)
 .dynamic       0x0000000000604d88      0x270 /usr/lib64/gcc/x86_64-suse-linux/4.8/../../../../lib64/crt1.o
                0x0000000000604d88                _DYNAMIC

.got            0x0000000000604ff8        0x8
 *(.got)
 .got           0x0000000000604ff8        0x8 /usr/lib64/gcc/x86_64-suse-linux/4.8/../../../../lib64/crt1.o
 *(.igot)
                0x0000000000605fe8                . = DATA_SEGMENT_RELRO_END (., (SIZEOF (.got.plt) >= 0x18)?0x18:0x0)

.got.plt        0x0000000000605000      0x218
 *(.got.plt)
 .got.plt       0x0000000000605000      0x218 /usr/lib64/gcc/x86_64-suse-linux/4.8/../../../../lib64/crt1.o
                0x0000000000605000                _GLOBAL_OFFSET_TABLE_
 *(.igot.plt)
 .igot.plt      0x0000000000000000        0x0 /usr/lib64/gcc/x86_64-suse-linux/4.8/../../../../lib64/crt1.o

.data           0x0000000000605218       0x10
 *(.data .data.* .gnu.linkonce.d.*)
 .data          0x0000000000605218        0x4 /usr/lib64/gcc/x86_64-suse-linux/4.8/../../../../lib64/crt1.o
                0x0000000000605218                data_start
                0x0000000000605218                __data_start
 .data          0x000000000060521c        0x0 /usr/lib64/gcc/x86_64-suse-linux/4.8/../../../../lib64/crti.o
 *fill*         0x000000000060521c        0x4 
 .data          0x0000000000605220        0x8 /usr/lib64/gcc/x86_64-suse-linux/4.8/crtbegin.o
                0x0000000000605220                __dso_handle
 .data          0x0000000000605228        0x0 ./src/server.o
 .data          0x0000000000605228        0x0 ./src/protocol.o
 .data          0x0000000000605228        0x0 ./src/client.o
 .data          0x0000000000605228        0x0 ./src/process.o
 .data          0x0000000000605228        0x0 ./src/room.o
 .data          0x0000000000605228        0x0 ./src/hall.o
 .data          0x0000000000605228        0x0 /usr/lib64/libc_nonshared.a(elf-init.oS)
 .data          0x0000000000605228        0x0 /usr/lib64/gcc/x86_64-suse-linux/4.8/crtend.o
 .data          0x0000000000605228        0x0 /usr/lib64/gcc/x86_64-suse-linux/4.8/../../../../lib64/crtn.o

.tm_clone_table
                0x0000000000605228        0x0
 .tm_clone_table
                0x0000000000605228        0x0 /usr/lib64/gcc/x86_64-suse-linux/4.8/crtbegin.o
 .tm_clone_table
                0x0000000000605228        0x0 /usr/lib64/gcc/x86_64-suse-linux/4.8/crtend.o

.data1
 *(.data1)
                0x0000000000605228                _edata = .
                0x0000000000605228                PROVIDE (edata, .)
                0x0000000000605228                . = .
                0x0000000000605228                __bss_start = .

.bss            0x0000000000605228       0x18
 *(.dynbss)
 .dynbss        0x0000000000000000        0x0 /usr/lib64/gcc/x86_64-suse-linux/4.8/../../../../lib64/crt1.o
 *(.bss .bss.* .gnu.linkonce.b.*)
 .bss           0x0000000000605228        0x0 /usr/lib64/gcc/x86_64-suse-linux/4.8/../../../../lib64/crt1.o
 .bss           0x0000000000605228        0x0 /usr/lib64/gcc/x86_64-suse-linux/4.8/../../../../lib64/crti.o
 .bss           0x0000000000605228        0x1 /usr/lib64/gcc/x86_64-suse-linux/4.8/crtbegin.o
 *fill*         0x0000000000605229        0x7 
 .bss           0x0000000000605230        0x9 ./src/server.o
                0x0000000000605230                hall
 .bss           0x0000000000605239        0x0 ./src/protocol.o
 .bss           0x0000000000605239        0x0 ./src/client.o
 .bss           0x0000000000605239        0x1 ./src/process.o
 .bss           0x000000000060523a        0x0 ./src/room.o
 .bss           0x000000000060523a        0x0 ./src/hall.o
 .bss           0x000000000060523a        0x0 /usr/lib64/libc_nonshared.a(elf-init.oS)
 .bss           0x000000000060523a        0x0 /usr/lib64/gcc/x86_64-suse-linux/4.8/crtend.o
 .bss           0x000000000060523a        0x0 /usr/lib64/gcc/x86_64-suse-linux/4.8/../../../../lib64/crtn.o
 *(COMMON)
                0x0000000000605240                . = ALIGN ((. != 0x0)?0x8:0x1)
 *fill*         0x000000000060523a        0x6 

.lbss
 *(.dynlbss)
 *(.lbss .lbss.* .gnu.linkonce.lb.*)
 *(LARGE_COMMON)
                0x0000000000605240                . = ALIGN (0x8)
                0x0000000000605240                . = SEGMENT_START ("ldata-segment", .)

.lrodata
 *(.lrodata .lrodata.* .gnu.linkonce.lr.*)

.ldata          0x0000000000a05240        0x0
 *(.ldata .ldata.* .gnu.linkonce.l.*)
                0x0000000000a05240                . = ALIGN ((. != 0x0)?0x8:0x1)
                0x0000000000a05240                . = ALIGN (0x8)
                0x0000000000a05240                _end = .
                0x0000000000a05240                PROVIDE (end, .)
                0x0000000000a05240                . = DATA_SEGMENT_END (.)

.stab
 *(.stab)

.stabstr
 *(.stabstr)

.stab.excl
 *(.stab.excl)

.stab.exclstr
 *(.stab.exclstr)

.stab.index
 *(.stab.index)

.stab.indexstr
 *(.stab.indexstr)

.comment        0x0000000000000000       0x42
 *(.comment)
 .comment       0x0000000000000000       0x42 /usr/lib64/gcc/x86_64-suse-linux/4.8/../../../../lib64/crt1.o
                                         0x43 (size before relaxing)
 .comment       0x0000000000000000       0x43 /usr/lib64/gcc/x86_64-suse-linux/4.8/crtbegin.o
 .comment       0x0000000000000000       0x43 ./src/server.o
 .comment       0x0000000000000000       0x43 ./src/protocol.o
 .comment       0x0000000000000000       0x43 ./src/client.o
 .comment       0x0000000000000000       0x43 ./src/process.o
 .comment       0x0000000000000000       0x43 ./src/room.o
 .comment       0x0000000000000000       0x43 ./src/hall.o
 .comment       0x0000000000000000       0x43 /usr/lib64/gcc/x86_64-suse-linux/4.8/crtend.o

.debug
 *(.debug)

.line
 *(.line)

.debug_srcinfo
 *(.debug_srcinfo)

.debug_sfnames
 *(.debug_sfnames)

.debug_aranges  0x0000000000000000      0x100
 *(.debug_aranges)
 .debug_aranges
                0x0000000000000000       0x50 /usr/lib64/gcc/x86_64-suse-linux/4.8/../../../../lib64/crt1.o
 .debug_aranges
                0x0000000000000050       0x40 /usr/lib64/gcc/x86_64-suse-linux/4.8/../../../../lib64/crti.o
 .debug_aranges
                0x0000000000000090       0x30 /usr/lib64/libc_nonshared.a(elf-init.oS)
 .debug_aranges
                0x00000000000000c0       0x40 /usr/lib64/gcc/x86_64-suse-linux/4.8/../../../../lib64/crtn.o

.debug_pubnames
 *(.debug_pubnames)

.debug_info     0x0000000000000000      0x31b
 *(.debug_info .gnu.linkonce.wi.*)
 .debug_info    0x0000000000000000       0xf3 /usr/lib64/gcc/x86_64-suse-linux/4.8/../../../../lib64/crt1.o
 .debug_info    0x00000000000000f3       0x68 /usr/lib64/gcc/x86_64-suse-linux/4.8/../../../../lib64/crti.o
 .debug_info    0x000000000000015b      0x158 /usr/lib64/libc_nonshared.a(elf-init.oS)
 .debug_info    0x00000000000002b3       0x68 /usr/lib64/gcc/x86_64-suse-linux/4.8/../../../../lib64/crtn.o

.debug_abbrev   0x0000000000000000      0x183
 *(.debug_abbrev)
 .debug_abbrev  0x0000000000000000       0x52 /usr/lib64/gcc/x86_64-suse-linux/4.8/../../../../lib64/crt1.o
 .debug_abbrev  0x0000000000000052       0x12 /usr/lib64/gcc/x86_64-suse-linux/4.8/../../../../lib64/crti.o
 .debug_abbrev  0x0000000000000064      0x10d /usr/lib64/libc_nonshared.a(elf-init.oS)
 .debug_abbrev  0x0000000000000171       0x12 /usr/lib64/gcc/x86_64-suse-linux/4.8/../../../../lib64/crtn.o

.debug_line     0x0000000000000000      0x1e7
 *(.debug_line .debug_line.* .debug_line_end)
 .debug_line    0x0000000000000000       0x84 /usr/lib64/gcc/x86_64-suse-linux/4.8/../../../../lib64/crt1.o
 .debug_line    0x0000000000000084       0x64 /usr/lib64/gcc/x86_64-suse-linux/4.8/../../../../lib64/crti.o
 .debug_line    0x00000000000000e8       0x9e /usr/lib64/libc_nonshared.a(elf-init.oS)
 .debug_line    0x0000000000000186       0x61 /usr/lib64/gcc/x86_64-suse-linux/4.8/../../../../lib64/crtn.o

.debug_frame
 *(.debug_frame)

.debug_str      0x0000000000000000      0x2ad
 *(.debug_str)
 .debug_str     0x0000000000000000      0x163 /usr/lib64/gcc/x86_64-suse-linux/4.8/../../../../lib64/crt1.o
                                        0x188 (size before relaxing)
 .debug_str     0x0000000000000163      0x14a /usr/lib64/libc_nonshared.a(elf-init.oS)
                                        0x19b (size before relaxing)

.debug_loc      0x0000000000000000      0x11b
 *(.debug_loc)
 .debug_loc     0x0000000000000000      0x11b /usr/lib64/libc_nonshared.a(elf-init.oS)

.debug_macinfo
 *(.debug_macinfo)

.debug_weaknames
 *(.debug_weaknames)

.debug_funcnames
 *(.debug_funcnames)

.debug_typenames
 *(.debug_typenames)

.debug_varnames
 *(.debug_varnames)

.debug_pubtypes
 *(.debug_pubtypes)

.debug_ranges   0x0000000000000000       0xd0
 *(.debug_ranges)
 .debug_ranges  0x0000000000000000       0x40 /usr/lib64/gcc/x86_64-suse-linux/4.8/../../../../lib64/crti.o
 .debug_ranges  0x0000000000000040       0x50 /usr/lib64/libc_nonshared.a(elf-init.oS)
 .debug_ranges  0x0000000000000090       0x40 /usr/lib64/gcc/x86_64-suse-linux/4.8/../../../../lib64/crtn.o

.debug_macro
 *(.debug_macro)

.gnu.attributes
 *(.gnu.attributes)

/DISCARD/
 *(.note.GNU-stack)
 *(.gnu_debuglink)
 *(.gnu.lto_*)
OUTPUT(server elf64-x86-64)
