Archive member included because of file (symbol)

/usr/lib64/libc_nonshared.a(elf-init.oS)
                              /usr/lib64/gcc/x86_64-suse-linux/4.8/../../../../lib64/crt1.o (__libc_csu_init)

Discarded input sections

 .note.GNU-stack
                0x0000000000000000        0x0 /usr/lib64/gcc/x86_64-suse-linux/4.8/../../../../lib64/crt1.o
 .note.GNU-stack
                0x0000000000000000        0x0 /usr/lib64/gcc/x86_64-suse-linux/4.8/../../../../lib64/crti.o
 .note.GNU-stack
                0x0000000000000000        0x0 /usr/lib64/gcc/x86_64-suse-linux/4.8/crtbegin.o
 .note.GNU-stack
                0x0000000000000000        0x0 ./src/server.o
 .note.GNU-stack
                0x0000000000000000        0x0 ./src/updateDB.o
 .note.GNU-stack
                0x0000000000000000        0x0 ./src/protocol.o
 .group         0x0000000000000000        0x8 ./src/client.o
 .group         0x0000000000000000        0x8 ./src/client.o
 .group         0x0000000000000000        0xc ./src/client.o
 .group         0x0000000000000000        0xc ./src/client.o
 .group         0x0000000000000000        0x8 ./src/client.o
 .group         0x0000000000000000        0x8 ./src/client.o
 .group         0x0000000000000000        0x8 ./src/client.o
 .note.GNU-stack
                0x0000000000000000        0x0 ./src/client.o
 .group         0x0000000000000000        0x8 ./src/process.o
 .group         0x0000000000000000        0x8 ./src/process.o
 .group         0x0000000000000000        0x8 ./src/process.o
 .group         0x0000000000000000        0x8 ./src/process.o
 .group         0x0000000000000000        0x8 ./src/process.o
 .group         0x0000000000000000        0x8 ./src/process.o
 .group         0x0000000000000000        0x8 ./src/process.o
 .group         0x0000000000000000        0x8 ./src/process.o
 .group         0x0000000000000000        0x8 ./src/process.o
 .text._ZNSt11char_traitsIcE6lengthEPKc
                0x0000000000000000       0x2c ./src/process.o
 .text._ZStplIcSt11char_traitsIcESaIcEESbIT_T0_T1_EPKS3_RKS6_
                0x0000000000000000       0xa4 ./src/process.o
 .text._ZStplIcSt11char_traitsIcESaIcEESbIT_T0_T1_ERKS6_PKS3_
                0x0000000000000000       0x62 ./src/process.o
 .text._ZStplIcSt11char_traitsIcESaIcEESbIT_T0_T1_ERKS6_S8_
                0x0000000000000000       0x62 ./src/process.o
 .note.GNU-stack
                0x0000000000000000        0x0 ./src/process.o
 .group         0x0000000000000000        0x8 ./src/room.o
 .group         0x0000000000000000        0x8 ./src/room.o
 .text._ZNSt11char_traitsIcE7compareEPKcS2_m
                0x0000000000000000       0x2d ./src/room.o
 .text._ZSteqIcEN9__gnu_cxx11__enable_ifIXsrSt9__is_charIT_E7__valueEbE6__typeERKSbIS3_St11char_traitsIS3_ESaIS3_EESC_
                0x0000000000000000       0x84 ./src/room.o
 .note.GNU-stack
                0x0000000000000000        0x0 ./src/room.o
 .group         0x0000000000000000        0x8 ./src/hall.o
 .text._ZN4Room15GetNumOfClientsEv
                0x0000000000000000       0x12 ./src/hall.o
 .note.GNU-stack
                0x0000000000000000        0x0 ./src/hall.o
 .note.GNU-stack
                0x0000000000000000        0x0 /usr/lib64/libc_nonshared.a(elf-init.oS)
 .note.GNU-stack
                0x0000000000000000        0x0 /usr/lib64/gcc/x86_64-suse-linux/4.8/crtend.o
 .note.GNU-stack
                0x0000000000000000        0x0 /usr/lib64/gcc/x86_64-suse-linux/4.8/../../../../lib64/crtn.o

内存配置

名称           来源             长度             属性
*default*        0x0000000000000000 0xffffffffffffffff

Linker script and memory map

LOAD /usr/lib64/gcc/x86_64-suse-linux/4.8/../../../../lib64/crt1.o
LOAD /usr/lib64/gcc/x86_64-suse-linux/4.8/../../../../lib64/crti.o
LOAD /usr/lib64/gcc/x86_64-suse-linux/4.8/crtbegin.o
LOAD ./src/server.o
LOAD ./src/updateDB.o
LOAD ./src/protocol.o
LOAD ./src/client.o
LOAD ./src/process.o
LOAD ./src/room.o
LOAD ./src/hall.o
LOAD /usr/lib64/libpthread.so
START GROUP
LOAD /lib64/libpthread.so.0
LOAD /usr/lib64/libpthread_nonshared.a
END GROUP
LOAD /usr/lib64/libmysqlclient.so
LOAD /usr/lib64/libpthread.so
START GROUP
LOAD /lib64/libpthread.so.0
LOAD /usr/lib64/libpthread_nonshared.a
END GROUP
LOAD /usr/lib64/libz.so
LOAD /usr/lib64/libssl.so
LOAD /usr/lib64/libcrypto.so
LOAD /usr/lib64/libdl.so
LOAD /usr/lib64/gcc/x86_64-suse-linux/4.8/libstdc++.so
LOAD /usr/lib64/libm.so
LOAD /usr/lib64/gcc/x86_64-suse-linux/4.8/libgcc_s.so
LOAD /usr/lib64/gcc/x86_64-suse-linux/4.8/libgcc.a
LOAD /usr/lib64/libc.so
START GROUP
LOAD /lib64/libc.so.6
LOAD /usr/lib64/libc_nonshared.a
LOAD /lib64/ld-linux-x86-64.so.2
END GROUP
LOAD /usr/lib64/gcc/x86_64-suse-linux/4.8/libgcc_s.so
LOAD /usr/lib64/gcc/x86_64-suse-linux/4.8/libgcc.a
LOAD /usr/lib64/gcc/x86_64-suse-linux/4.8/crtend.o
LOAD /usr/lib64/gcc/x86_64-suse-linux/4.8/../../../../lib64/crtn.o
                0x0000000000400000                PROVIDE (__executable_start, 0x400000)
                0x0000000000400238                . = (0x400000 + SIZEOF_HEADERS)

.interp         0x0000000000400238       0x1c
 *(.interp)
 .interp        0x0000000000400238       0x1c /usr/lib64/gcc/x86_64-suse-linux/4.8/../../../../lib64/crt1.o

.note.ABI-tag   0x0000000000400254       0x20
 .note.ABI-tag  0x0000000000400254       0x20 /usr/lib64/gcc/x86_64-suse-linux/4.8/../../../../lib64/crt1.o

.note.gnu.build-id
                0x0000000000400274       0x24
 *(.note.gnu.build-id)
 .note.gnu.build-id
                0x0000000000400274       0x24 /usr/lib64/gcc/x86_64-suse-linux/4.8/../../../../lib64/crt1.o

.hash           0x0000000000400298      0x264
 *(.hash)
 .hash          0x0000000000400298      0x264 /usr/lib64/gcc/x86_64-suse-linux/4.8/../../../../lib64/crt1.o

.gnu.hash       0x0000000000400500       0x5c
 *(.gnu.hash)
 .gnu.hash      0x0000000000400500       0x5c /usr/lib64/gcc/x86_64-suse-linux/4.8/../../../../lib64/crt1.o

.dynsym         0x0000000000400560      0x7e0
 *(.dynsym)
 .dynsym        0x0000000000400560      0x7e0 /usr/lib64/gcc/x86_64-suse-linux/4.8/../../../../lib64/crt1.o

.dynstr         0x0000000000400d40      0x625
 *(.dynstr)
 .dynstr        0x0000000000400d40      0x625 /usr/lib64/gcc/x86_64-suse-linux/4.8/../../../../lib64/crt1.o

.gnu.version    0x0000000000401366       0xa8
 *(.gnu.version)
 .gnu.version   0x0000000000401366       0xa8 /usr/lib64/gcc/x86_64-suse-linux/4.8/../../../../lib64/crt1.o

.gnu.version_d  0x0000000000401410        0x0
 *(.gnu.version_d)
 .gnu.version_d
                0x0000000000000000        0x0 /usr/lib64/gcc/x86_64-suse-linux/4.8/../../../../lib64/crt1.o

.gnu.version_r  0x0000000000401410       0xc0
 *(.gnu.version_r)
 .gnu.version_r
                0x0000000000401410       0xc0 /usr/lib64/gcc/x86_64-suse-linux/4.8/../../../../lib64/crt1.o

.rela.dyn       0x00000000004014d0       0x30
 *(.rela.init)
 *(.rela.text .rela.text.* .rela.gnu.linkonce.t.*)
 .rela.text     0x0000000000000000        0x0 /usr/lib64/gcc/x86_64-suse-linux/4.8/../../../../lib64/crt1.o
 .rela.text._ZN6cFrameC2Ev
                0x0000000000000000        0x0 /usr/lib64/gcc/x86_64-suse-linux/4.8/../../../../lib64/crt1.o
 .rela.text._ZN6cFrameD2Ev
                0x0000000000000000        0x0 /usr/lib64/gcc/x86_64-suse-linux/4.8/../../../../lib64/crt1.o
 .rela.text._ZStplIcSt11char_traitsIcESaIcEESbIT_T0_T1_EPKS3_RKS6_
                0x0000000000000000        0x0 /usr/lib64/gcc/x86_64-suse-linux/4.8/../../../../lib64/crt1.o
 .rela.text._ZStplIcSt11char_traitsIcESaIcEESbIT_T0_T1_ERKS6_PKS3_
                0x0000000000000000        0x0 /usr/lib64/gcc/x86_64-suse-linux/4.8/../../../../lib64/crt1.o
 .rela.text._ZStplIcSt11char_traitsIcESaIcEESbIT_T0_T1_ERKS6_S8_
                0x0000000000000000        0x0 /usr/lib64/gcc/x86_64-suse-linux/4.8/../../../../lib64/crt1.o
 .rela.text._ZNSt11char_traitsIcE7compareEPKcS2_m
                0x0000000000000000        0x0 /usr/lib64/gcc/x86_64-suse-linux/4.8/../../../../lib64/crt1.o
 .rela.text._ZN6Client11setUserNameERKSs
                0x0000000000000000        0x0 /usr/lib64/gcc/x86_64-suse-linux/4.8/../../../../lib64/crt1.o
 .rela.text._ZSteqIcEN9__gnu_cxx11__enable_ifIXsrSt9__is_charIT_E7__valueEbE6__typeERKSbIS3_St11char_traitsIS3_ESaIS3_EESC_
                0x0000000000000000        0x0 /usr/lib64/gcc/x86_64-suse-linux/4.8/../../../../lib64/crt1.o
 *(.rela.fini)
 *(.rela.rodata .rela.rodata.* .rela.gnu.linkonce.r.*)
 .rela.rodata   0x0000000000000000        0x0 /usr/lib64/gcc/x86_64-suse-linux/4.8/../../../../lib64/crt1.o
 *(.rela.data .rela.data.* .rela.gnu.linkonce.d.*)
 *(.rela.tdata .rela.tdata.* .rela.gnu.linkonce.td.*)
 *(.rela.tbss .rela.tbss.* .rela.gnu.linkonce.tb.*)
 *(.rela.ctors)
 *(.rela.dtors)
 *(.rela.got)
 .rela.got      0x00000000004014d0       0x18 /usr/lib64/gcc/x86_64-suse-linux/4.8/../../../../lib64/crt1.o
 *(.rela.bss .rela.bss.* .rela.gnu.linkonce.b.*)
 .rela.bss      0x00000000004014e8       0x18 /usr/lib64/gcc/x86_64-suse-linux/4.8/../../../../lib64/crt1.o
 *(.rela.ldata .rela.ldata.* .rela.gnu.linkonce.l.*)
 *(.rela.lbss .rela.lbss.* .rela.gnu.linkonce.lb.*)
 *(.rela.lrodata .rela.lrodata.* .rela.gnu.linkonce.lr.*)
 *(.rela.ifunc)
 .rela.eh_frame
                0x0000000000000000        0x0 /usr/lib64/gcc/x86_64-suse-linux/4.8/../../../../lib64/crt1.o

.rela.plt       0x0000000000401500      0x6c0
 *(.rela.plt)
 .rela.plt      0x0000000000401500      0x6c0 /usr/lib64/gcc/x86_64-suse-linux/4.8/../../../../lib64/crt1.o
                0x0000000000401bc0                PROVIDE (__rela_iplt_start, .)
 *(.rela.iplt)
 .rela.iplt     0x0000000000000000        0x0 /usr/lib64/gcc/x86_64-suse-linux/4.8/../../../../lib64/crt1.o
                0x0000000000401bc0                PROVIDE (__rela_iplt_end, .)

.init           0x0000000000401bc0       0x1a
 *(SORT(.init))
 .init          0x0000000000401bc0       0x15 /usr/lib64/gcc/x86_64-suse-linux/4.8/../../../../lib64/crti.o
                0x0000000000401bc0                _init
 .init          0x0000000000401bd5        0x5 /usr/lib64/gcc/x86_64-suse-linux/4.8/../../../../lib64/crtn.o

.plt            0x0000000000401be0      0x490
 *(.plt)
 .plt           0x0000000000401be0      0x490 /usr/lib64/gcc/x86_64-suse-linux/4.8/../../../../lib64/crt1.o
                0x0000000000401bf0                operator new[](unsigned long)@@GLIBCXX_3.4
                0x0000000000401c00                __errno_location@@GLIBC_2.2.5
                0x0000000000401c10                printf@@GLIBC_2.2.5
                0x0000000000401c20                std::basic_stringstream<char, std::char_traits<char>, std::allocator<char> >::str() const@@GLIBCXX_3.4
                0x0000000000401c30                htons@@GLIBC_2.2.5
                0x0000000000401c40                bind@@GLIBC_2.2.5
                0x0000000000401c50                mysql_real_connect@@libmysqlclient_18
                0x0000000000401c60                std::string::append(char const*, unsigned long)@@GLIBCXX_3.4
                0x0000000000401c70                socket@@GLIBC_2.2.5
                0x0000000000401c80                accept@@GLIBC_2.2.5
                0x0000000000401c90                recv@@GLIBC_2.2.5
                0x0000000000401ca0                strerror@@GLIBC_2.2.5
                0x0000000000401cb0                write@@GLIBC_2.2.5
                0x0000000000401cc0                inet_ntoa@@GLIBC_2.2.5
                0x0000000000401cd0                memcmp@@GLIBC_2.2.5
                0x0000000000401ce0                std::basic_ostream<char, std::char_traits<char> >& std::endl<char, std::char_traits<char> >(std::basic_ostream<char, std::char_traits<char> >&)@@GLIBCXX_3.4
                0x0000000000401cf0                std::basic_string<char, std::char_traits<char>, std::allocator<char> >::basic_string(char const*, unsigned long, std::allocator<char> const&)@@GLIBCXX_3.4
                0x0000000000401d00                memset@@GLIBC_2.2.5
                0x0000000000401d10                std::basic_string<char, std::char_traits<char>, std::allocator<char> >::basic_string(std::string const&)@@GLIBCXX_3.4
                0x0000000000401d20                pthread_create@@GLIBC_2.2.5
                0x0000000000401d30                fcntl@@GLIBC_2.2.5
                0x0000000000401d40                std::istream::operator>>(int&)@@GLIBCXX_3.4
                0x0000000000401d50                sleep@@GLIBC_2.2.5
                0x0000000000401d60                htonl@@GLIBC_2.2.5
                0x0000000000401d70                std::string::reserve(unsigned long)@@GLIBCXX_3.4
                0x0000000000401d80                memcpy@@GLIBC_2.14
                0x0000000000401d90                std::basic_stringstream<char, std::char_traits<char>, std::allocator<char> >::basic_stringstream(std::_Ios_Openmode)@@GLIBCXX_3.4
                0x0000000000401da0                std::string::operator=(std::string const&)@@GLIBCXX_3.4
                0x0000000000401db0                __cxa_atexit@@GLIBC_2.2.5
                0x0000000000401dc0                pthread_self@@GLIBC_2.2.5
                0x0000000000401dd0                mysql_store_result@@libmysqlclient_18
                0x0000000000401de0                std::basic_string<char, std::char_traits<char>, std::allocator<char> >::basic_string()@@GLIBCXX_3.4
                0x0000000000401df0                operator delete(void*)@@GLIBCXX_3.4
                0x0000000000401e00                mysql_num_rows@@libmysqlclient_18
                0x0000000000401e10                operator new(unsigned long)@@GLIBCXX_3.4
                0x0000000000401e20                pthread_detach@@GLIBC_2.2.5
                0x0000000000401e30                std::ostream::operator<<(std::ostream& (*)(std::ostream&))@@GLIBCXX_3.4
                0x0000000000401e40                std::allocator<char>::~allocator()@@GLIBCXX_3.4
                0x0000000000401e50                std::string::append(std::string const&)@@GLIBCXX_3.4
                0x0000000000401e60                listen@@GLIBC_2.2.5
                0x0000000000401e70                std::basic_string<char, std::char_traits<char>, std::allocator<char> >::basic_string(char const*, std::allocator<char> const&)@@GLIBCXX_3.4
                0x0000000000401e80                std::string::data() const@@GLIBCXX_3.4
                0x0000000000401e90                signal@@GLIBC_2.2.5
                0x0000000000401ea0                exit@@GLIBC_2.2.5
                0x0000000000401eb0                mysql_next_result@@libmysqlclient_18
                0x0000000000401ec0                std::basic_ostream<char, std::char_traits<char> >& std::operator<< <char, std::char_traits<char>, std::allocator<char> >(std::basic_ostream<char, std::char_traits<char> >&, std::basic_string<char, std::char_traits<char>, std::allocator<char> > const&)@@GLIBCXX_3.4
                0x0000000000401ed0                malloc@@GLIBC_2.2.5
                0x0000000000401ee0                mysql_real_query@@libmysqlclient_18
                0x0000000000401ef0                std::string::c_str() const@@GLIBCXX_3.4
                0x0000000000401f00                usleep@@GLIBC_2.2.5
                0x0000000000401f10                mysql_error@@libmysqlclient_18
                0x0000000000401f20                mysql_fetch_lengths@@libmysqlclient_18
                0x0000000000401f30                std::basic_stringstream<char, std::char_traits<char>, std::allocator<char> >::~basic_stringstream()@@GLIBCXX_3.4
                0x0000000000401f40                std::ios_base::Init::Init()@@GLIBCXX_3.4
                0x0000000000401f50                puts@@GLIBC_2.2.5
                0x0000000000401f60                std::basic_string<char, std::char_traits<char>, std::allocator<char> >::~basic_string()@@GLIBCXX_3.4
                0x0000000000401f70                std::string::size() const@@GLIBCXX_3.4
                0x0000000000401f80                realloc@@GLIBC_2.2.5
                0x0000000000401f90                __gxx_personality_v0@@CXXABI_1.3
                0x0000000000401fa0                __pthread_key_create@@GLIBC_2.2.5
                0x0000000000401fb0                std::ostream::operator<<(int)@@GLIBCXX_3.4
                0x0000000000401fc0                _Unwind_Resume@@GCC_3.0
                0x0000000000401fd0                std::allocator<char>::allocator()@@GLIBCXX_3.4
                0x0000000000401fe0                std::string::append(char const*)@@GLIBCXX_3.4
                0x0000000000401ff0                mysql_init@@libmysqlclient_18
                0x0000000000402000                __libc_start_main@@GLIBC_2.2.5
                0x0000000000402020                mysql_fetch_row@@libmysqlclient_18
                0x0000000000402030                std::string::length() const@@GLIBCXX_3.4
                0x0000000000402040                close@@GLIBC_2.2.5
                0x0000000000402050                std::ios_base::Init::~Init()@@GLIBCXX_3.4
                0x0000000000402060                mysql_free_result@@libmysqlclient_18
 *(.iplt)
 .iplt          0x0000000000000000        0x0 /usr/lib64/gcc/x86_64-suse-linux/4.8/../../../../lib64/crt1.o

.text           0x0000000000402070     0x2f62
 *(.text.unlikely .text.*_unlikely .text.unlikely.*)
 *(.text.exit .text.exit.*)
 *(.text.startup .text.startup.*)
 *(.text.hot .text.hot.*)
 *(.text .stub .text.* .gnu.linkonce.t.*)
 .text          0x0000000000402070       0x2a /usr/lib64/gcc/x86_64-suse-linux/4.8/../../../../lib64/crt1.o
                0x0000000000402070                _start
 .text          0x000000000040209a        0x0 /usr/lib64/gcc/x86_64-suse-linux/4.8/../../../../lib64/crti.o
 *fill*         0x000000000040209a        0x6 
 .text          0x00000000004020a0       0xbd /usr/lib64/gcc/x86_64-suse-linux/4.8/crtbegin.o
 .text          0x000000000040215d      0x2f8 ./src/server.o
                0x000000000040217c                main
 .text          0x0000000000402455        0x0 ./src/updateDB.o
 *fill*         0x0000000000402455        0x1 
 .text          0x0000000000402456      0x3ed ./src/protocol.o
                0x0000000000402456                Protocol::sendFrameReal()
                0x0000000000402484                Protocol::Protocol(int)
                0x0000000000402484                Protocol::Protocol(int)
                0x000000000040259c                Protocol::receiveFrame()
                0x000000000040266e                Protocol::sendFrame(unsigned char const*, char const*, char const*, char const*, char const*)
                0x00000000004027ba                Protocol::available()
                0x00000000004027c4                Protocol::isFrameValid(Frame&)
                0x0000000000402806                Protocol::sendFrame(Frame const*)
 *fill*         0x0000000000402843        0x1 
 .text          0x0000000000402844      0xc02 ./src/client.o
                0x0000000000402844                Client::Client(int, sockaddr_in&, unsigned int&)
                0x0000000000402844                Client::Client(int, sockaddr_in&, unsigned int&)
                0x0000000000402910                Client::~Client()
                0x0000000000402910                Client::~Client()
                0x000000000040298e                Client::updateFrame()
                0x0000000000402a10                Client::parseFrame()
                0x0000000000402c76                Client::sendFrame(unsigned char const*, char const*, char const*, char const*, char const*)
                0x0000000000402cc8                Client::sendFrame(Frame const*)
                0x0000000000402cf6                Client::clientUpdateDB()
                0x000000000040307e                Client::getClientInfoDB()
 .text._ZNSt11char_traitsIcE6lengthEPKc
                0x0000000000403446       0x2c ./src/client.o
                0x0000000000403446                std::char_traits<char>::length(char const*)
 .text._ZStorSt13_Ios_OpenmodeS_
                0x0000000000403472       0x14 ./src/client.o
                0x0000000000403472                std::operator|(std::_Ios_Openmode, std::_Ios_Openmode)
 .text._ZN6cFrameC2Ev
                0x0000000000403486       0x96 ./src/client.o
                0x0000000000403486                cFrame::cFrame()
                0x0000000000403486                cFrame::cFrame()
 .text._ZN6cFrameD2Ev
                0x000000000040351c       0x96 ./src/client.o
                0x000000000040351c                cFrame::~cFrame()
                0x000000000040351c                cFrame::~cFrame()
 .text._ZStplIcSt11char_traitsIcESaIcEESbIT_T0_T1_EPKS3_RKS6_
                0x00000000004035b2       0xa4 ./src/client.o
                0x00000000004035b2                std::basic_string<char, std::char_traits<char>, std::allocator<char> > std::operator+<char, std::char_traits<char>, std::allocator<char> >(char const*, std::basic_string<char, std::char_traits<char>, std::allocator<char> > const&)
 .text._ZStplIcSt11char_traitsIcESaIcEESbIT_T0_T1_ERKS6_PKS3_
                0x0000000000403656       0x62 ./src/client.o
                0x0000000000403656                std::basic_string<char, std::char_traits<char>, std::allocator<char> > std::operator+<char, std::char_traits<char>, std::allocator<char> >(std::basic_string<char, std::char_traits<char>, std::allocator<char> > const&, char const*)
 .text._ZStplIcSt11char_traitsIcESaIcEESbIT_T0_T1_ERKS6_S8_
                0x00000000004036b8       0x62 ./src/client.o
                0x00000000004036b8                std::basic_string<char, std::char_traits<char>, std::allocator<char> > std::operator+<char, std::char_traits<char>, std::allocator<char> >(std::basic_string<char, std::char_traits<char>, std::allocator<char> > const&, std::basic_string<char, std::char_traits<char>, std::allocator<char> > const&)
 .text          0x000000000040371a      0xe8b ./src/process.o
                0x0000000000403dce                ClientProcess(void*)
                0x00000000004044f4                gameRunning(void*)
 .text._ZNSt11char_traitsIcE7compareEPKcS2_m
                0x00000000004045a5       0x2d ./src/process.o
                0x00000000004045a5                std::char_traits<char>::compare(char const*, char const*, unsigned long)
 .text._ZN6Client11setUserNameERKSs
                0x00000000004045d2       0x2c ./src/process.o
                0x00000000004045d2                Client::setUserName(std::string const&)
 .text._ZN4Room15GetNumOfClientsEv
                0x00000000004045fe       0x12 ./src/process.o
                0x00000000004045fe                Room::GetNumOfClients()
 .text._ZN4Hall7getRoomEh
                0x0000000000404610       0x31 ./src/process.o
                0x0000000000404610                Hall::getRoom(unsigned char)
 .text._ZSteqIcEN9__gnu_cxx11__enable_ifIXsrSt9__is_charIT_E7__valueEbE6__typeERKSbIS3_St11char_traitsIS3_ESaIS3_EESC_
                0x0000000000404641       0x84 ./src/process.o
                0x0000000000404641                __gnu_cxx::__enable_if<std::__is_char<char>::__value, bool>::__type std::operator==<char>(std::basic_string<char, std::char_traits<char>, std::allocator<char> > const&, std::basic_string<char, std::char_traits<char>, std::allocator<char> > const&)
 *fill*         0x00000000004046c5        0x1 
 .text          0x00000000004046c6      0x5b0 ./src/room.o
                0x00000000004046c6                Room::Room()
                0x00000000004046c6                Room::Room()
                0x0000000000404702                Room::~Room()
                0x0000000000404702                Room::~Room()
                0x0000000000404768                Room::addClient(Client&)
                0x00000000004047d8                Room::isFull()
                0x0000000000404808                Room::GameControl()
 .text          0x0000000000404c76      0x2de ./src/hall.o
                0x0000000000404c76                Hall::Hall()
                0x0000000000404c76                Hall::Hall()
                0x0000000000404cae                Hall::~Hall()
                0x0000000000404cae                Hall::~Hall()
                0x0000000000404d18                Hall::createNewRoom(unsigned int)
                0x0000000000404da0                Hall::joinRoom(unsigned int, Client&)
                0x0000000000404eb6                Hall::GetHallInfo()
 *fill*         0x0000000000404f54        0xc 
 .text          0x0000000000404f60       0x72 /usr/lib64/libc_nonshared.a(elf-init.oS)
                0x0000000000404f60                __libc_csu_init
                0x0000000000404fd0                __libc_csu_fini
 .text          0x0000000000404fd2        0x0 /usr/lib64/gcc/x86_64-suse-linux/4.8/crtend.o
 .text          0x0000000000404fd2        0x0 /usr/lib64/gcc/x86_64-suse-linux/4.8/../../../../lib64/crtn.o
 *(.gnu.warning)

.fini           0x0000000000404fd4        0x9
 *(SORT(.fini))
 .fini          0x0000000000404fd4        0x4 /usr/lib64/gcc/x86_64-suse-linux/4.8/../../../../lib64/crti.o
                0x0000000000404fd4                _fini
 .fini          0x0000000000404fd8        0x5 /usr/lib64/gcc/x86_64-suse-linux/4.8/../../../../lib64/crtn.o
                0x0000000000404fdd                PROVIDE (__etext, .)
                0x0000000000404fdd                PROVIDE (_etext, .)
                0x0000000000404fdd                PROVIDE (etext, .)

.rodata         0x0000000000404fe0      0x3b8
 *(.rodata .rodata.* .gnu.linkonce.r.*)
 .rodata.cst4   0x0000000000404fe0        0x4 /usr/lib64/gcc/x86_64-suse-linux/4.8/../../../../lib64/crt1.o
                0x0000000000404fe0                _IO_stdin_used
 *fill*         0x0000000000404fe4        0x4 
 .rodata        0x0000000000404fe8       0xee ./src/server.o
 *fill*         0x00000000004050d6        0x2 
 .rodata        0x00000000004050d8       0xd0 ./src/client.o
 .rodata        0x00000000004051a8      0x1b8 ./src/process.o
 .rodata        0x0000000000405360       0x38 ./src/room.o

.rodata1
 *(.rodata1)

.eh_frame_hdr   0x0000000000405398      0x1b4
 *(.eh_frame_hdr)
 .eh_frame_hdr  0x0000000000405398      0x1b4 /usr/lib64/gcc/x86_64-suse-linux/4.8/../../../../lib64/crt1.o

.eh_frame       0x0000000000405550      0x7ac
 *(.eh_frame)
 .eh_frame      0x0000000000405550       0x30 /usr/lib64/gcc/x86_64-suse-linux/4.8/../../../../lib64/crt1.o
 .eh_frame      0x0000000000405580       0x40 /usr/lib64/gcc/x86_64-suse-linux/4.8/../../../../lib64/crt1.o
 .eh_frame      0x00000000004055c0       0x80 ./src/server.o
                                         0x90 (size before relaxing)
 .eh_frame      0x0000000000405640       0xe8 ./src/protocol.o
                                        0x100 (size before relaxing)
 .eh_frame      0x0000000000405728      0x290 ./src/client.o
                                        0x2a8 (size before relaxing)
 .eh_frame      0x00000000004059b8      0x180 ./src/process.o
                                        0x250 (size before relaxing)
 .eh_frame      0x0000000000405b38       0xb0 ./src/room.o
                                        0x128 (size before relaxing)
 .eh_frame      0x0000000000405be8       0xb0 ./src/hall.o
                                        0x108 (size before relaxing)
 .eh_frame      0x0000000000405c98       0x60 /usr/lib64/libc_nonshared.a(elf-init.oS)
                                         0x78 (size before relaxing)
 .eh_frame      0x0000000000405cf8        0x4 /usr/lib64/gcc/x86_64-suse-linux/4.8/crtend.o

.gcc_except_table
                0x0000000000405cfc      0x34f
 *(.gcc_except_table .gcc_except_table.*)
 .gcc_except_table._ZN6cFrameC2Ev
                0x0000000000405cfc       0x19 ./src/client.o
 .gcc_except_table._ZN6cFrameD2Ev
                0x0000000000405d15       0x19 ./src/client.o
 .gcc_except_table
                0x0000000000405d2e      0x170 ./src/client.o
 .gcc_except_table
                0x0000000000405e9e      0x140 ./src/process.o
 .gcc_except_table
                0x0000000000405fde       0x5d ./src/room.o
 .gcc_except_table
                0x000000000040603b       0x10 ./src/hall.o

.exception_ranges
 *(.exception_ranges .exception_ranges*)
                0x000000000040604b                . = (ALIGN (0x200000) - ((0x200000 - .) & 0x1fffff))
                0x0000000000606d53                . = DATA_SEGMENT_ALIGN (0x200000, 0x1000)

.eh_frame
 *(.eh_frame)

.gcc_except_table
 *(.gcc_except_table .gcc_except_table.*)

.exception_ranges
 *(.exception_ranges .exception_ranges*)

.tdata
 *(.tdata .tdata.* .gnu.linkonce.td.*)

.tbss
 *(.tbss .tbss.* .gnu.linkonce.tb.*)
 *(.tcommon)

.preinit_array  0x0000000000606d53        0x0
                0x0000000000606d53                PROVIDE (__preinit_array_start, .)
 *(.preinit_array)
                0x0000000000606d53                PROVIDE (__preinit_array_end, .)

.init_array     0x0000000000606d58       0x20
                0x0000000000606d58                PROVIDE (__init_array_start, .)
 *(SORT(.init_array.*) SORT(.ctors.*))
 *(.init_array EXCLUDE_FILE(*crtend?.o *crtend.o *crtbegin?.o *crtbegin.o) .ctors)
 .init_array    0x0000000000606d58        0x8 /usr/lib64/gcc/x86_64-suse-linux/4.8/crtbegin.o
 .init_array    0x0000000000606d60        0x8 ./src/server.o
 .init_array    0x0000000000606d68        0x8 ./src/client.o
 .init_array    0x0000000000606d70        0x8 ./src/process.o
                0x0000000000606d78                PROVIDE (__init_array_end, .)

.fini_array     0x0000000000606d78        0x8
                0x0000000000606d78                PROVIDE (__fini_array_start, .)
 *(SORT(.fini_array.*) SORT(.dtors.*))
 *(.fini_array EXCLUDE_FILE(*crtend?.o *crtend.o *crtbegin?.o *crtbegin.o) .dtors)
 .fini_array    0x0000000000606d78        0x8 /usr/lib64/gcc/x86_64-suse-linux/4.8/crtbegin.o
                0x0000000000606d80                PROVIDE (__fini_array_end, .)

.ctors
 *crtbegin.o(.ctors)
 *crtbegin?.o(.ctors)
 *(EXCLUDE_FILE(*crtend?.o *crtend.o) .ctors)
 *(SORT(.ctors.*))
 *(.ctors)

.dtors
 *crtbegin.o(.dtors)
 *crtbegin?.o(.dtors)
 *(EXCLUDE_FILE(*crtend?.o *crtend.o) .dtors)
 *(SORT(.dtors.*))
 *(.dtors)

.jcr            0x0000000000606d80        0x8
 *(.jcr)
 .jcr           0x0000000000606d80        0x0 /usr/lib64/gcc/x86_64-suse-linux/4.8/crtbegin.o
 .jcr           0x0000000000606d80        0x8 /usr/lib64/gcc/x86_64-suse-linux/4.8/crtend.o

.data.rel.ro
 *(.data.rel.ro.local* .gnu.linkonce.d.rel.ro.local.*)
 *(.data.rel.ro .data.rel.ro.* .gnu.linkonce.d.rel.ro.*)

.dynamic        0x0000000000606d88      0x270
 *(.dynamic)
 .dynamic       0x0000000000606d88      0x270 /usr/lib64/gcc/x86_64-suse-linux/4.8/../../../../lib64/crt1.o
                0x0000000000606d88                _DYNAMIC

.got            0x0000000000606ff8        0x8
 *(.got)
 .got           0x0000000000606ff8        0x8 /usr/lib64/gcc/x86_64-suse-linux/4.8/../../../../lib64/crt1.o
 *(.igot)
                0x0000000000607fe8                . = DATA_SEGMENT_RELRO_END (., (SIZEOF (.got.plt) >= 0x18)?0x18:0x0)

.got.plt        0x0000000000607000      0x258
 *(.got.plt)
 .got.plt       0x0000000000607000      0x258 /usr/lib64/gcc/x86_64-suse-linux/4.8/../../../../lib64/crt1.o
                0x0000000000607000                _GLOBAL_OFFSET_TABLE_
 *(.igot.plt)
 .igot.plt      0x0000000000000000        0x0 /usr/lib64/gcc/x86_64-suse-linux/4.8/../../../../lib64/crt1.o

.data           0x0000000000607258       0x10
 *(.data .data.* .gnu.linkonce.d.*)
 .data          0x0000000000607258        0x4 /usr/lib64/gcc/x86_64-suse-linux/4.8/../../../../lib64/crt1.o
                0x0000000000607258                data_start
                0x0000000000607258                __data_start
 .data          0x000000000060725c        0x0 /usr/lib64/gcc/x86_64-suse-linux/4.8/../../../../lib64/crti.o
 *fill*         0x000000000060725c        0x4 
 .data          0x0000000000607260        0x8 /usr/lib64/gcc/x86_64-suse-linux/4.8/crtbegin.o
                0x0000000000607260                __dso_handle
 .data          0x0000000000607268        0x0 ./src/server.o
 .data          0x0000000000607268        0x0 ./src/updateDB.o
 .data          0x0000000000607268        0x0 ./src/protocol.o
 .data          0x0000000000607268        0x0 ./src/client.o
 .data          0x0000000000607268        0x0 ./src/process.o
 .data          0x0000000000607268        0x0 ./src/room.o
 .data          0x0000000000607268        0x0 ./src/hall.o
 .data          0x0000000000607268        0x0 /usr/lib64/libc_nonshared.a(elf-init.oS)
 .data          0x0000000000607268        0x0 /usr/lib64/gcc/x86_64-suse-linux/4.8/crtend.o
 .data          0x0000000000607268        0x0 /usr/lib64/gcc/x86_64-suse-linux/4.8/../../../../lib64/crtn.o

.tm_clone_table
                0x0000000000607268        0x0
 .tm_clone_table
                0x0000000000607268        0x0 /usr/lib64/gcc/x86_64-suse-linux/4.8/crtbegin.o
 .tm_clone_table
                0x0000000000607268        0x0 /usr/lib64/gcc/x86_64-suse-linux/4.8/crtend.o

.data1
 *(.data1)
                0x0000000000607268                _edata = .
                0x0000000000607268                PROVIDE (edata, .)
                0x0000000000607268                . = .
                0x0000000000607268                __bss_start = .

.bss            0x0000000000607280      0x128
 *(.dynbss)
 .dynbss        0x0000000000607280      0x110 /usr/lib64/gcc/x86_64-suse-linux/4.8/../../../../lib64/crt1.o
                0x0000000000607280                std::cout@@GLIBCXX_3.4
 *(.bss .bss.* .gnu.linkonce.b.*)
 .bss           0x0000000000607390        0x0 /usr/lib64/gcc/x86_64-suse-linux/4.8/../../../../lib64/crt1.o
 .bss           0x0000000000607390        0x0 /usr/lib64/gcc/x86_64-suse-linux/4.8/../../../../lib64/crti.o
 .bss           0x0000000000607390        0x1 /usr/lib64/gcc/x86_64-suse-linux/4.8/crtbegin.o
 *fill*         0x0000000000607391        0x7 
 .bss           0x0000000000607398        0x9 ./src/server.o
                0x0000000000607398                hall
 .bss           0x00000000006073a1        0x0 ./src/updateDB.o
 .bss           0x00000000006073a1        0x0 ./src/protocol.o
 .bss           0x00000000006073a1        0x1 ./src/client.o
 .bss           0x00000000006073a2        0x1 ./src/process.o
 .bss           0x00000000006073a3        0x0 ./src/room.o
 .bss           0x00000000006073a3        0x0 ./src/hall.o
 .bss           0x00000000006073a3        0x0 /usr/lib64/libc_nonshared.a(elf-init.oS)
 .bss           0x00000000006073a3        0x0 /usr/lib64/gcc/x86_64-suse-linux/4.8/crtend.o
 .bss           0x00000000006073a3        0x0 /usr/lib64/gcc/x86_64-suse-linux/4.8/../../../../lib64/crtn.o
 *(COMMON)
                0x00000000006073a8                . = ALIGN ((. != 0x0)?0x8:0x1)
 *fill*         0x00000000006073a3        0x5 

.lbss
 *(.dynlbss)
 *(.lbss .lbss.* .gnu.linkonce.lb.*)
 *(LARGE_COMMON)
                0x00000000006073a8                . = ALIGN (0x8)
                0x00000000006073a8                . = SEGMENT_START ("ldata-segment", .)

.lrodata
 *(.lrodata .lrodata.* .gnu.linkonce.lr.*)

.ldata          0x0000000000a073a8        0x0
 *(.ldata .ldata.* .gnu.linkonce.l.*)
                0x0000000000a073a8                . = ALIGN ((. != 0x0)?0x8:0x1)
                0x0000000000a073a8                . = ALIGN (0x8)
                0x0000000000a073a8                _end = .
                0x0000000000a073a8                PROVIDE (end, .)
                0x0000000000a073a8                . = DATA_SEGMENT_END (.)

.stab
 *(.stab)

.stabstr
 *(.stabstr)

.stab.excl
 *(.stab.excl)

.stab.exclstr
 *(.stab.exclstr)

.stab.index
 *(.stab.index)

.stab.indexstr
 *(.stab.indexstr)

.comment        0x0000000000000000       0x42
 *(.comment)
 .comment       0x0000000000000000       0x42 /usr/lib64/gcc/x86_64-suse-linux/4.8/../../../../lib64/crt1.o
                                         0x43 (size before relaxing)
 .comment       0x0000000000000000       0x43 /usr/lib64/gcc/x86_64-suse-linux/4.8/crtbegin.o
 .comment       0x0000000000000000       0x43 ./src/server.o
 .comment       0x0000000000000000       0x43 ./src/updateDB.o
 .comment       0x0000000000000000       0x43 ./src/protocol.o
 .comment       0x0000000000000000       0x43 ./src/client.o
 .comment       0x0000000000000000       0x43 ./src/process.o
 .comment       0x0000000000000000       0x43 ./src/room.o
 .comment       0x0000000000000000       0x43 ./src/hall.o
 .comment       0x0000000000000000       0x43 /usr/lib64/gcc/x86_64-suse-linux/4.8/crtend.o

.debug
 *(.debug)

.line
 *(.line)

.debug_srcinfo
 *(.debug_srcinfo)

.debug_sfnames
 *(.debug_sfnames)

.debug_aranges  0x0000000000000000      0x100
 *(.debug_aranges)
 .debug_aranges
                0x0000000000000000       0x50 /usr/lib64/gcc/x86_64-suse-linux/4.8/../../../../lib64/crt1.o
 .debug_aranges
                0x0000000000000050       0x40 /usr/lib64/gcc/x86_64-suse-linux/4.8/../../../../lib64/crti.o
 .debug_aranges
                0x0000000000000090       0x30 /usr/lib64/libc_nonshared.a(elf-init.oS)
 .debug_aranges
                0x00000000000000c0       0x40 /usr/lib64/gcc/x86_64-suse-linux/4.8/../../../../lib64/crtn.o

.debug_pubnames
 *(.debug_pubnames)

.debug_info     0x0000000000000000      0x31b
 *(.debug_info .gnu.linkonce.wi.*)
 .debug_info    0x0000000000000000       0xf3 /usr/lib64/gcc/x86_64-suse-linux/4.8/../../../../lib64/crt1.o
 .debug_info    0x00000000000000f3       0x68 /usr/lib64/gcc/x86_64-suse-linux/4.8/../../../../lib64/crti.o
 .debug_info    0x000000000000015b      0x158 /usr/lib64/libc_nonshared.a(elf-init.oS)
 .debug_info    0x00000000000002b3       0x68 /usr/lib64/gcc/x86_64-suse-linux/4.8/../../../../lib64/crtn.o

.debug_abbrev   0x0000000000000000      0x183
 *(.debug_abbrev)
 .debug_abbrev  0x0000000000000000       0x52 /usr/lib64/gcc/x86_64-suse-linux/4.8/../../../../lib64/crt1.o
 .debug_abbrev  0x0000000000000052       0x12 /usr/lib64/gcc/x86_64-suse-linux/4.8/../../../../lib64/crti.o
 .debug_abbrev  0x0000000000000064      0x10d /usr/lib64/libc_nonshared.a(elf-init.oS)
 .debug_abbrev  0x0000000000000171       0x12 /usr/lib64/gcc/x86_64-suse-linux/4.8/../../../../lib64/crtn.o

.debug_line     0x0000000000000000      0x1e7
 *(.debug_line .debug_line.* .debug_line_end)
 .debug_line    0x0000000000000000       0x84 /usr/lib64/gcc/x86_64-suse-linux/4.8/../../../../lib64/crt1.o
 .debug_line    0x0000000000000084       0x64 /usr/lib64/gcc/x86_64-suse-linux/4.8/../../../../lib64/crti.o
 .debug_line    0x00000000000000e8       0x9e /usr/lib64/libc_nonshared.a(elf-init.oS)
 .debug_line    0x0000000000000186       0x61 /usr/lib64/gcc/x86_64-suse-linux/4.8/../../../../lib64/crtn.o

.debug_frame
 *(.debug_frame)

.debug_str      0x0000000000000000      0x2ad
 *(.debug_str)
 .debug_str     0x0000000000000000      0x163 /usr/lib64/gcc/x86_64-suse-linux/4.8/../../../../lib64/crt1.o
                                        0x188 (size before relaxing)
 .debug_str     0x0000000000000163      0x14a /usr/lib64/libc_nonshared.a(elf-init.oS)
                                        0x19b (size before relaxing)

.debug_loc      0x0000000000000000      0x11b
 *(.debug_loc)
 .debug_loc     0x0000000000000000      0x11b /usr/lib64/libc_nonshared.a(elf-init.oS)

.debug_macinfo
 *(.debug_macinfo)

.debug_weaknames
 *(.debug_weaknames)

.debug_funcnames
 *(.debug_funcnames)

.debug_typenames
 *(.debug_typenames)

.debug_varnames
 *(.debug_varnames)

.debug_pubtypes
 *(.debug_pubtypes)

.debug_ranges   0x0000000000000000       0xd0
 *(.debug_ranges)
 .debug_ranges  0x0000000000000000       0x40 /usr/lib64/gcc/x86_64-suse-linux/4.8/../../../../lib64/crti.o
 .debug_ranges  0x0000000000000040       0x50 /usr/lib64/libc_nonshared.a(elf-init.oS)
 .debug_ranges  0x0000000000000090       0x40 /usr/lib64/gcc/x86_64-suse-linux/4.8/../../../../lib64/crtn.o

.debug_macro
 *(.debug_macro)

.gnu.attributes
 *(.gnu.attributes)

/DISCARD/
 *(.note.GNU-stack)
 *(.gnu_debuglink)
 *(.gnu.lto_*)
OUTPUT(server elf64-x86-64)
